[00:50:18] [ServerMain/INFO]: Environment: Environment[sessionHost=https://sessionserver.mojang.com, servicesHost=https://api.minecraftservices.com, name=PROD]
[00:50:24] [ServerMain/INFO]: Loaded 1290 recipes
[00:50:25] [ServerMain/INFO]: Loaded 1399 advancements
[00:50:27] [Server thread/INFO]: Starting minecraft server version 1.21.1
[00:50:27] [Server thread/INFO]: Loading properties
[00:50:27] [Server thread/INFO]: Default game type: SURVIVAL
[00:50:27] [Server thread/INFO]: Generating keypair
[00:50:27] [Server thread/INFO]: Starting Minecraft server on *:25565
[00:50:27] [Server thread/INFO]: Using epoll channel type
[00:50:27] [Server thread/WARN]: **** SERVER IS RUNNING IN OFFLINE/INSECURE MODE!
[00:50:27] [Server thread/WARN]: The server will make no attempt to authenticate usernames. Beware.
[00:50:27] [Server thread/WARN]: While this makes the game possible to play without internet access, it also opens up the ability for hackers to connect with any username they choose.
[00:50:27] [Server thread/WARN]: To change this, set "online-mode" to "true" in the server.properties file.
[00:50:27] [Server thread/INFO]: Preparing level "world"
[00:50:36] [Server thread/INFO]: Preparing start region for dimension minecraft:overworld
[00:50:37] [Worker-Main-1/INFO]: Preparing spawn area: 0%
[00:50:37] [Worker-Main-1/INFO]: Preparing spawn area: 0%
[00:50:37] [Worker-Main-1/INFO]: Preparing spawn area: 0%
[00:50:37] [Worker-Main-1/INFO]: Preparing spawn area: 55%
[00:50:38] [Server thread/INFO]: Time elapsed: 1749 ms
[00:50:38] [Server thread/INFO]: Done (10.543s)! For help, type "help"
[00:55:41] [Server thread/INFO]: vGodbridger[/127.194.163.136:35355] logged in with entity id 17 at (275.70469575838564, 95.0, 225.39230837187165)
[00:55:41] [Server thread/INFO]: vGodbridger joined the game
[00:55:49] [Server thread/WARN]: Can't keep up! Is the server overloaded? Running 2036ms or 40 ticks behind
